// Jest Snapshot v1, https://goo.gl/fbAQLP

exports[`B It matches the snapshot 1`] = `
<div>
  <div
    class="b"
  >
    This is a B component 
  </div>
</div>
`;
