// Jest Snapshot v1, https://goo.gl/fbAQLP

exports[`C It matches the snapshot 1`] = `
<div>
  <div
    class="c"
  >
    This is a C component 
  </div>
</div>
`;
